../Drivers/STM32WBxx_HAL_Driver/Inc/stm32wbxx_ll_bus.h:539:22:LL_AHB2_GRP1_EnableClock	1
../Core/Src/main.c:96:6:HAL_UART_RxCpltCallback	15
../Core/Src/main.c:151:26:EP_SendFrame	4
../Core/Src/main.c:172:13:EP_Handshake	1
../Core/Src/main.c:173:13:EP_Refresh	1
../Core/Src/main.c:174:13:EP_Clear	1
../Core/Src/main.c:175:13:EP_SetPalette	1
../Core/Src/main.c:176:13:EP_SetFont	1
../Core/Src/main.c:181:13:EP_DrawString	1
../Core/Src/main.c:192:13:EP_BootSoft	1
../Core/Src/main.c:204:16:parse_values	6
../Core/Src/main.c:215:13:ep_show_intro	1
../Core/Src/main.c:228:13:ep_show_values	3
../Core/Src/main.c:285:13:ep_show_ask_vth	1
../Core/Src/main.c:293:6:HAL_UART_ErrorCallback	2
../Core/Src/main.c:308:5:main	15
../Core/Src/main.c:471:6:SystemClock_Config	3
../Core/Src/main.c:517:6:PeriphCommonClock_Config	2
../Core/Src/main.c:541:13:MX_LPUART1_UART_Init	5
../Core/Src/main.c:589:13:MX_USART1_UART_Init	5
../Core/Src/main.c:637:13:MX_GPIO_Init	1
../Core/Src/main.c:709:6:Error_Handler	1
