../Core/Src/main.c:139:20:MAX_CS_L	1
../Core/Src/main.c:140:20:MAX_CS_H	1
../Core/Src/main.c:142:13:MAX_SendAll	2
../Core/Src/main.c:153:13:MAX_Broadcast	2
../Core/Src/main.c:159:13:MAX_Init	3
../Core/Src/main.c:188:6:setIntensity	2
../Core/Src/main.c:198:6:fillTriangleToRectangle_Animated	4
../Core/Src/main.c:230:17:delay_from_id	1
../Core/Src/main.c:241:6:animateTriodeStep	4
../Core/Src/main.c:262:10:computeTriodePeriod	1
../Core/Src/main.c:275:5:isChannelFull	4
../Core/Src/main.c:285:13:FB_Clear	1
../Core/Src/main.c:290:13:FB_SetColumn	6
../Core/Src/main.c:299:13:MAX_PushFB	3
../Core/Src/main.c:330:17:adc_read_one	1
../Core/Src/main.c:348:13:adc_read_3	1
../Core/Src/main.c:357:13:channel_clear	3
../Core/Src/main.c:364:6:display_channel	5
../Core/Src/main.c:386:6:displayPinnedChannel_Animated	8
../Core/Src/main.c:439:5:main	24
../Core/Src/main.c:687:6:SystemClock_Config	4
../Core/Src/main.c:748:13:MX_ADC1_Init	3
../Core/Src/main.c:806:13:MX_SPI1_Init	2
../Core/Src/main.c:846:13:MX_USART1_UART_Init	2
../Core/Src/main.c:881:13:MX_USART2_UART_Init	2
../Core/Src/main.c:916:13:MX_GPIO_Init	1
../Core/Src/main.c:951:6:Error_Handler	1
