../Core/Src/main.c:139:20:MAX_CS_L	8	static
../Core/Src/main.c:140:20:MAX_CS_H	8	static
../Core/Src/main.c:142:13:MAX_SendAll	32	static
../Core/Src/main.c:153:13:MAX_Broadcast	32	static
../Core/Src/main.c:159:13:MAX_Init	24	static
../Core/Src/main.c:188:6:setIntensity	16	static
../Core/Src/main.c:198:6:fillTriangleToRectangle_Animated	40	static
../Core/Src/main.c:230:17:delay_from_id	24	static
../Core/Src/main.c:241:6:animateTriodeStep	32	static
../Core/Src/main.c:262:10:computeTriodePeriod	32	static
../Core/Src/main.c:275:5:isChannelFull	24	static
../Core/Src/main.c:285:13:FB_Clear	8	static
../Core/Src/main.c:290:13:FB_SetColumn	24	static
../Core/Src/main.c:299:13:MAX_PushFB	24	static
../Core/Src/main.c:330:17:adc_read_one	48	static
../Core/Src/main.c:348:13:adc_read_3	24	static
../Core/Src/main.c:357:13:channel_clear	24	static
../Core/Src/main.c:364:6:display_channel	32	static
../Core/Src/main.c:386:6:displayPinnedChannel_Animated	72	static
../Core/Src/main.c:439:5:main	248	static
../Core/Src/main.c:687:6:SystemClock_Config	96	static
../Core/Src/main.c:748:13:MX_ADC1_Init	32	static
../Core/Src/main.c:806:13:MX_SPI1_Init	8	static
../Core/Src/main.c:846:13:MX_USART1_UART_Init	8	static
../Core/Src/main.c:881:13:MX_USART2_UART_Init	8	static
../Core/Src/main.c:916:13:MX_GPIO_Init	40	static
../Core/Src/main.c:951:6:Error_Handler	4	static,ignoring_inline_asm
